[
 {
  "html": "\n          <span class=\"note-bullet\">·</span>\n          <span class=\"note-name\">Fibrosis q",
  "rowColor": "rgb(244, 244, 248)",
  "rowH": 27,
  "kidTag": "SPAN",
  "kidCls": "note-name",
  "kidColor": "rgb(244, 244, 248)",
  "kidW": 376,
  "kidH": 17,
  "kidText": "Fibrosis quística"
 },
 {
  "html": "\n          <span class=\"note-bullet\">·</span>\n          <span class=\"note-name\">Herencia m",
  "rowColor": "rgb(244, 244, 248)",
  "rowH": 27,
  "kidTag": "SPAN",
  "kidCls": "note-name",
  "kidColor": "rgb(244, 244, 248)",
  "kidW": 376,
  "kidH": 17,
  "kidText": "Herencia mendeliana"
 }
]
